// Jest Snapshot v1, https://goo.gl/fbAQLP

exports[`EditItem renders 1`] = `
<div>
  <div
    class="MuiPaper-root-4 MuiPaper-elevation1-7 MuiPaper-rounded-5 MuiCard-root-3 EditItem-card-1"
  >
    <div
      class="MuiCardHeader-root-31 EditItem-cardHeader-2"
    >
      <div
        class="MuiCardHeader-content-34"
      >
        <h1
          class="MuiTypography-root-37 MuiTypography-headline-42 MuiTypography-alignCenter-60"
        >
          <div
            class="MuiFormControl-root-73"
          >
            <div
              class="MuiInputBase-root-90 MuiInput-root-77 MuiInput-underline-81 MuiInputBase-formControl-91 MuiInput-formControl-78"
            >
              <input
                aria-invalid="false"
                autofocus=""
                class="MuiInputBase-input-100 MuiInput-input-85"
                placeholder="Name"
                type="text"
                value="person"
              />
            </div>
          </div>
        </h1>
      </div>
    </div>
  </div>
</div>
`;
