// Jest Snapshot v1, https://goo.gl/fbAQLP

exports[`EditArrangementTitle renders 1`] = `
<h1
  class="MuiTypography-root-1 MuiTypography-headline-6 MuiTypography-alignLeft-23"
>
  <div
    class="MuiFormControl-root-37 MuiFormControl-marginNormal-38"
  >
    <label
      class="MuiFormLabel-root-52 MuiFormLabel-filled-56 MuiInputLabel-root-41 MuiInputLabel-formControl-46 MuiInputLabel-animated-49 MuiInputLabel-shrink-48 MuiInputLabel-outlined-51"
      data-shrink="true"
      for="outlined-name"
    >
      Arrangement Name
    </label>
    <div
      class="MuiInputBase-root-72 MuiOutlinedInput-root-59 MuiInputBase-formControl-73"
    >
      <fieldset
        aria-hidden="true"
        class="MuiPrivateNotchedOutline-root-89 MuiOutlinedInput-notchedOutline-66"
        style="padding-left:8px"
      >
        <legend
          class="MuiPrivateNotchedOutline-legend-90"
          style="width:0"
        >
          <span>
            ​
          </span>
        </legend>
      </fieldset>
      <input
        aria-invalid="false"
        autofocus=""
        class="MuiInputBase-input-82 MuiOutlinedInput-input-67"
        id="outlined-name"
        type="text"
        value="First arrangement"
      />
    </div>
  </div>
</h1>
`;
